// Jest Snapshot v1, https://goo.gl/fbAQLP

exports[`Authenticating test suite renders correctly 1`] = `
<DocumentFragment>
  <switch>
    <route
      component="Callback"
      path="http://url.com/callback"
    />
    <route
      component="SilentCallback"
      path="http://url.com/silent_callback"
    />
    <route
      component="NotAuthenticated"
      path="http://url.com/not-authenticated"
    />
    <route
      component="NotAuthorized"
      path="http://url.com/not-authorized"
    />
  </switch>
</DocumentFragment>
`;
